<h1>Statement for BigCo</h1>
<table border='1'>
  <tr><th>play</th><th>seats</th><th>price</th></tr>
  <tr><td>Hamlet</td><td>55</td><td>$650.00</td></tr>
  <tr><td>As You Like It</td><td>35</td><td>$580.00</td></tr>
  <tr><td>Othello</td><td>40</td><td>$500.00</td></tr>
</table>
<p>Subtotal: $1,730.00</p>
<p>Previous credit balance: 0</p>
<p>You earned <em>47</em> credits</p>
<p>New credit balance: 47</p>
<p>Total: <em>$1,730.00</em></p>
